// Jest Snapshot v1, https://goo.gl/fbAQLP

exports[`Table Footer tests should render the table footer correctly with sensible parameters 1`] = `
<body>
  <div>
    <div
      class="MuiTablePagination-root css-jtlhu6-MuiTablePagination-root"
    >
      <div
        class="MuiToolbar-root MuiToolbar-gutters MuiToolbar-regular MuiTablePagination-toolbar css-11bfvty-MuiToolbar-root-MuiTablePagination-toolbar"
      >
        <div
          class="MuiTablePagination-spacer css-1psng7p-MuiTablePagination-spacer"
        />
        <p
          class="MuiTablePagination-selectLabel css-pdct74-MuiTablePagination-selectLabel"
          id="mui-2"
        >
          Rows per page:
        </p>
        <div
          class="MuiInputBase-root MuiInputBase-colorPrimary css-16c50h-MuiInputBase-root-MuiTablePagination-select"
          variant="standard"
        >
          <div
            aria-expanded="false"
            aria-haspopup="listbox"
            aria-labelledby="mui-2 mui-1"
            class="MuiTablePagination-select MuiSelect-select MuiSelect-standard MuiInputBase-input css-194a1fa-MuiSelect-select-MuiInputBase-input"
            id="mui-1"
            role="button"
            tabindex="0"
          >
            10
          </div>
          <input
            aria-hidden="true"
            class="MuiSelect-nativeInput css-yf8vq0-MuiSelect-nativeInput"
            tabindex="-1"
            value="10"
          />
          <svg
            aria-hidden="true"
            class="MuiSvgIcon-root MuiSvgIcon-fontSizeMedium MuiTablePagination-selectIcon MuiSelect-icon MuiSelect-iconStandard css-pqjvzy-MuiSvgIcon-root-MuiSelect-icon"
            data-testid="ArrowDropDownIcon"
            focusable="false"
            viewBox="0 0 24 24"
          >
            <path
              d="M7 10l5 5 5-5z"
            />
          </svg>
        </div>
        <p
          class="MuiTablePagination-displayedRows css-levciy-MuiTablePagination-displayedRows"
        >
          1â€“10 of 50
        </p>
        <div
          class="MuiTablePagination-actions"
        >
          <button
            aria-label="Go to first page"
            class="MuiButtonBase-root Mui-disabled MuiIconButton-root Mui-disabled MuiIconButton-sizeMedium css-78trlr-MuiButtonBase-root-MuiIconButton-root"
            disabled=""
            tabindex="-1"
            title="Go to first page"
            type="button"
          >
            <svg
              aria-hidden="true"
              class="MuiSvgIcon-root MuiSvgIcon-fontSizeMedium css-i4bv87-MuiSvgIcon-root"
              data-testid="FirstPageIcon"
              focusable="false"
              viewBox="0 0 24 24"
            >
              <path
                d="M18.41 16.59L13.82 12l4.59-4.59L17 6l-6 6 6 6zM6 6h2v12H6z"
              />
            </svg>
          </button>
          <button
            aria-label="Go to previous page"
            class="MuiButtonBase-root Mui-disabled MuiIconButton-root Mui-disabled MuiIconButton-colorInherit MuiIconButton-sizeMedium css-zylse7-MuiButtonBase-root-MuiIconButton-root"
            disabled=""
            tabindex="-1"
            title="Go to previous page"
            type="button"
          >
            <svg
              aria-hidden="true"
              class="MuiSvgIcon-root MuiSvgIcon-fontSizeMedium css-i4bv87-MuiSvgIcon-root"
              data-testid="KeyboardArrowLeftIcon"
              focusable="false"
              viewBox="0 0 24 24"
            >
              <path
                d="M15.41 16.09l-4.58-4.59 4.58-4.59L14 5.5l-6 6 6 6z"
              />
            </svg>
          </button>
          <button
            aria-label="Go to next page"
            class="MuiButtonBase-root MuiIconButton-root MuiIconButton-colorInherit MuiIconButton-sizeMedium css-zylse7-MuiButtonBase-root-MuiIconButton-root"
            tabindex="0"
            title="Go to next page"
            type="button"
          >
            <svg
              aria-hidden="true"
              class="MuiSvgIcon-root MuiSvgIcon-fontSizeMedium css-i4bv87-MuiSvgIcon-root"
              data-testid="KeyboardArrowRightIcon"
              focusable="false"
              viewBox="0 0 24 24"
            >
              <path
                d="M8.59 16.34l4.58-4.59-4.58-4.59L10 5.75l6 6-6 6z"
              />
            </svg>
            <span
              class="MuiTouchRipple-root css-8je8zh-MuiTouchRipple-root"
            />
          </button>
          <button
            aria-label="Go to last page"
            class="MuiButtonBase-root MuiIconButton-root MuiIconButton-sizeMedium css-78trlr-MuiButtonBase-root-MuiIconButton-root"
            tabindex="0"
            title="Go to last page"
            type="button"
          >
            <svg
              aria-hidden="true"
              class="MuiSvgIcon-root MuiSvgIcon-fontSizeMedium css-i4bv87-MuiSvgIcon-root"
              data-testid="LastPageIcon"
              focusable="false"
              viewBox="0 0 24 24"
            >
              <path
                d="M5.59 7.41L10.18 12l-4.59 4.59L7 18l6-6-6-6zM16 6h2v12h-2z"
              />
            </svg>
            <span
              class="MuiTouchRipple-root css-8je8zh-MuiTouchRipple-root"
            />
          </button>
        </div>
      </div>
    </div>
  </div>
</body>
`;
